PS C:\Users\LENOVO\Desktop\git1> git add 1.txt
PS C:\Users\LENOVO\Desktop\git1> git commit -m "lll"
On branch safmis
nothing to commit, working tree clean
PS C:\Users\LENOVO\Desktop\git1> git fetch https://github.com/safmina/saf
From https://github.com/safmina/saf
 * branch            HEAD       -> FETCH_HEAD
PS C:\Users\LENOVO\Desktop\git1> git  branch
  main
  master
* safmis
PS C:\Users\LENOVO\Desktop\git1> git rebase saf/safmis
fatal: invalid upstream 'saf/safmis'
PS C:\Users\LENOVO\Desktop\git1> git rebase saf/main
Successfully rebased and updated refs/heads/safmis.
PS C:\Users\LENOVO\Desktop\git1> git  push saf main
To https://github.com/safmina/saf
 ! [rejected]        main -> main (non-fast-forward)
error: failed to push some refs to 'https://github.com/safmina/saf'
hint: Updates were rejected because a pushed branch tip is behind its remote
hint: counterpart. If you want to integrate the remote changes, use 'git pull'
hint: before pushing again.
hint: See the 'Note about fast-forwards' in 'git push --help' for details.
PS C:\Users\LENOVO\Desktop\git1> git  push saf master
Enumerating objects: 3, done.
Counting objects: 100% (3/3), done.
Writing objects: 100% (3/3), 202 bytes | 67.00 KiB/s, done.
Total 3 (delta 0), reused 0 (delta 0), pack-reused 0 (from 0)
remote:
remote: Create a pull request for 'master' on GitHub by visiting:
remote:      https://github.com/safmina/saf/pull/new/master
remote:
To https://github.com/safmina/saf
 * [new branch]      master -> master
PS C:\Users\LENOVO\Desktop\git1>
